C:\Thesis\Implementation\nutrition-ai-backend\src\main\java\com\nutrition\ai\nutritionaibackend\config\AppConfig.java
C:\Thesis\Implementation\nutrition-ai-backend\src\main\java\com\nutrition\ai\nutritionaibackend\config\ApplicationConfig.java
C:\Thesis\Implementation\nutrition-ai-backend\src\main\java\com\nutrition\ai\nutritionaibackend\config\ApplicationProperties.java
C:\Thesis\Implementation\nutrition-ai-backend\src\main\java\com\nutrition\ai\nutritionaibackend\config\jwt\AuthEntryPointJwt.java
C:\Thesis\Implementation\nutrition-ai-backend\src\main\java\com\nutrition\ai\nutritionaibackend\config\jwt\AuthTokenFilter.java
C:\Thesis\Implementation\nutrition-ai-backend\src\main\java\com\nutrition\ai\nutritionaibackend\config\jwt\JwtUtils.java
C:\Thesis\Implementation\nutrition-ai-backend\src\main\java\com\nutrition\ai\nutritionaibackend\config\SecurityConfig.java
C:\Thesis\Implementation\nutrition-ai-backend\src\main\java\com\nutrition\ai\nutritionaibackend\controller\AdminController.java
C:\Thesis\Implementation\nutrition-ai-backend\src\main\java\com\nutrition\ai\nutritionaibackend\controller\AuthController.java
C:\Thesis\Implementation\nutrition-ai-backend\src\main\java\com\nutrition\ai\nutritionaibackend\controller\FoodController.java
C:\Thesis\Implementation\nutrition-ai-backend\src\main\java\com\nutrition\ai\nutritionaibackend\controller\NutritionPlanController.java
C:\Thesis\Implementation\nutrition-ai-backend\src\main\java\com\nutrition\ai\nutritionaibackend\controller\ShareController.java
C:\Thesis\Implementation\nutrition-ai-backend\src\main\java\com\nutrition\ai\nutritionaibackend\controller\TrackingController.java
C:\Thesis\Implementation\nutrition-ai-backend\src\main\java\com\nutrition\ai\nutritionaibackend\controller\UserController.java
C:\Thesis\Implementation\nutrition-ai-backend\src\main\java\com\nutrition\ai\nutritionaibackend\dto\ActivityDto.java
C:\Thesis\Implementation\nutrition-ai-backend\src\main\java\com\nutrition\ai\nutritionaibackend\dto\ActivityLogDto.java
C:\Thesis\Implementation\nutrition-ai-backend\src\main\java\com\nutrition\ai\nutritionaibackend\dto\ContentCommentDto.java
C:\Thesis\Implementation\nutrition-ai-backend\src\main\java\com\nutrition\ai\nutritionaibackend\dto\ContentLikeDto.java
C:\Thesis\Implementation\nutrition-ai-backend\src\main\java\com\nutrition\ai\nutritionaibackend\dto\DailyMenuDto.java
C:\Thesis\Implementation\nutrition-ai-backend\src\main\java\com\nutrition\ai\nutritionaibackend\dto\FoodItemDto.java
C:\Thesis\Implementation\nutrition-ai-backend\src\main\java\com\nutrition\ai\nutritionaibackend\dto\FoodLogDto.java
C:\Thesis\Implementation\nutrition-ai-backend\src\main\java\com\nutrition\ai\nutritionaibackend\dto\GoalDto.java
C:\Thesis\Implementation\nutrition-ai-backend\src\main\java\com\nutrition\ai\nutritionaibackend\dto\LoginDto.java
C:\Thesis\Implementation\nutrition-ai-backend\src\main\java\com\nutrition\ai\nutritionaibackend\dto\MealDto.java
C:\Thesis\Implementation\nutrition-ai-backend\src\main\java\com\nutrition\ai\nutritionaibackend\dto\MealFoodItemDto.java
C:\Thesis\Implementation\nutrition-ai-backend\src\main\java\com\nutrition\ai\nutritionaibackend\dto\NutritionPlanDto.java
C:\Thesis\Implementation\nutrition-ai-backend\src\main\java\com\nutrition\ai\nutritionaibackend\dto\ProfileDto.java
C:\Thesis\Implementation\nutrition-ai-backend\src\main\java\com\nutrition\ai\nutritionaibackend\dto\ProgressReportDto.java
C:\Thesis\Implementation\nutrition-ai-backend\src\main\java\com\nutrition\ai\nutritionaibackend\dto\RecipeDto.java
C:\Thesis\Implementation\nutrition-ai-backend\src\main\java\com\nutrition\ai\nutritionaibackend\dto\RecipeRequestDto.java
C:\Thesis\Implementation\nutrition-ai-backend\src\main\java\com\nutrition\ai\nutritionaibackend\dto\ReportDto.java
C:\Thesis\Implementation\nutrition-ai-backend\src\main\java\com\nutrition\ai\nutritionaibackend\dto\RoleDto.java
C:\Thesis\Implementation\nutrition-ai-backend\src\main\java\com\nutrition\ai\nutritionaibackend\dto\SharedContentDto.java
C:\Thesis\Implementation\nutrition-ai-backend\src\main\java\com\nutrition\ai\nutritionaibackend\dto\SuggestionDto.java
C:\Thesis\Implementation\nutrition-ai-backend\src\main\java\com\nutrition\ai\nutritionaibackend\dto\UpdateUserRequestDto.java
C:\Thesis\Implementation\nutrition-ai-backend\src\main\java\com\nutrition\ai\nutritionaibackend\dto\UserDto.java
C:\Thesis\Implementation\nutrition-ai-backend\src\main\java\com\nutrition\ai\nutritionaibackend\dto\UserResponseDto.java
C:\Thesis\Implementation\nutrition-ai-backend\src\main\java\com\nutrition\ai\nutritionaibackend\exception\ResourceNotFoundException.java
C:\Thesis\Implementation\nutrition-ai-backend\src\main\java\com\nutrition\ai\nutritionaibackend\model\domain\Activity.java
C:\Thesis\Implementation\nutrition-ai-backend\src\main\java\com\nutrition\ai\nutritionaibackend\model\domain\ActivityLog.java
C:\Thesis\Implementation\nutrition-ai-backend\src\main\java\com\nutrition\ai\nutritionaibackend\model\domain\DailyMenu.java
C:\Thesis\Implementation\nutrition-ai-backend\src\main\java\com\nutrition\ai\nutritionaibackend\model\domain\FoodItem.java
C:\Thesis\Implementation\nutrition-ai-backend\src\main\java\com\nutrition\ai\nutritionaibackend\model\domain\FoodLog.java
C:\Thesis\Implementation\nutrition-ai-backend\src\main\java\com\nutrition\ai\nutritionaibackend\model\domain\Goal.java
C:\Thesis\Implementation\nutrition-ai-backend\src\main\java\com\nutrition\ai\nutritionaibackend\model\domain\Meal.java
C:\Thesis\Implementation\nutrition-ai-backend\src\main\java\com\nutrition\ai\nutritionaibackend\model\domain\MealFoodItem.java
C:\Thesis\Implementation\nutrition-ai-backend\src\main\java\com\nutrition\ai\nutritionaibackend\model\domain\NutritionPlan.java
C:\Thesis\Implementation\nutrition-ai-backend\src\main\java\com\nutrition\ai\nutritionaibackend\model\domain\Profile.java
C:\Thesis\Implementation\nutrition-ai-backend\src\main\java\com\nutrition\ai\nutritionaibackend\model\domain\Recipe.java
C:\Thesis\Implementation\nutrition-ai-backend\src\main\java\com\nutrition\ai\nutritionaibackend\model\domain\Report.java
C:\Thesis\Implementation\nutrition-ai-backend\src\main\java\com\nutrition\ai\nutritionaibackend\model\domain\Role.java
C:\Thesis\Implementation\nutrition-ai-backend\src\main\java\com\nutrition\ai\nutritionaibackend\model\domain\Suggestion.java
C:\Thesis\Implementation\nutrition-ai-backend\src\main\java\com\nutrition\ai\nutritionaibackend\model\domain\User.java
C:\Thesis\Implementation\nutrition-ai-backend\src\main\java\com\nutrition\ai\nutritionaibackend\model\enums\EGender.java
C:\Thesis\Implementation\nutrition-ai-backend\src\main\java\com\nutrition\ai\nutritionaibackend\model\enums\EGoalType.java
C:\Thesis\Implementation\nutrition-ai-backend\src\main\java\com\nutrition\ai\nutritionaibackend\model\enums\EMealType.java
C:\Thesis\Implementation\nutrition-ai-backend\src\main\java\com\nutrition\ai\nutritionaibackend\model\enums\EReportType.java
C:\Thesis\Implementation\nutrition-ai-backend\src\main\java\com\nutrition\ai\nutritionaibackend\model\enums\ERole.java
C:\Thesis\Implementation\nutrition-ai-backend\src\main\java\com\nutrition\ai\nutritionaibackend\model\enums\ESuggestionCategory.java
C:\Thesis\Implementation\nutrition-ai-backend\src\main\java\com\nutrition\ai\nutritionaibackend\model\shared\ContentComment.java
C:\Thesis\Implementation\nutrition-ai-backend\src\main\java\com\nutrition\ai\nutritionaibackend\model\shared\ContentLike.java
C:\Thesis\Implementation\nutrition-ai-backend\src\main\java\com\nutrition\ai\nutritionaibackend\model\shared\ContentType.java
C:\Thesis\Implementation\nutrition-ai-backend\src\main\java\com\nutrition\ai\nutritionaibackend\model\shared\SharedContent.java
C:\Thesis\Implementation\nutrition-ai-backend\src\main\java\com\nutrition\ai\nutritionaibackend\model\shared\Visibility.java
C:\Thesis\Implementation\nutrition-ai-backend\src\main\java\com\nutrition\ai\nutritionaibackend\NutritionAiBackendApplication.java
C:\Thesis\Implementation\nutrition-ai-backend\src\main\java\com\nutrition\ai\nutritionaibackend\repository\ActivityLogRepository.java
C:\Thesis\Implementation\nutrition-ai-backend\src\main\java\com\nutrition\ai\nutritionaibackend\repository\ActivityRepository.java
C:\Thesis\Implementation\nutrition-ai-backend\src\main\java\com\nutrition\ai\nutritionaibackend\repository\ContentCommentRepository.java
C:\Thesis\Implementation\nutrition-ai-backend\src\main\java\com\nutrition\ai\nutritionaibackend\repository\ContentLikeRepository.java
C:\Thesis\Implementation\nutrition-ai-backend\src\main\java\com\nutrition\ai\nutritionaibackend\repository\DailyMenuRepository.java
C:\Thesis\Implementation\nutrition-ai-backend\src\main\java\com\nutrition\ai\nutritionaibackend\repository\FoodItemRepository.java
C:\Thesis\Implementation\nutrition-ai-backend\src\main\java\com\nutrition\ai\nutritionaibackend\repository\FoodLogRepository.java
C:\Thesis\Implementation\nutrition-ai-backend\src\main\java\com\nutrition\ai\nutritionaibackend\repository\GoalRepository.java
C:\Thesis\Implementation\nutrition-ai-backend\src\main\java\com\nutrition\ai\nutritionaibackend\repository\MealFoodItemRepository.java
C:\Thesis\Implementation\nutrition-ai-backend\src\main\java\com\nutrition\ai\nutritionaibackend\repository\MealRepository.java
C:\Thesis\Implementation\nutrition-ai-backend\src\main\java\com\nutrition\ai\nutritionaibackend\repository\NutritionPlanRepository.java
C:\Thesis\Implementation\nutrition-ai-backend\src\main\java\com\nutrition\ai\nutritionaibackend\repository\ProfileRepository.java
C:\Thesis\Implementation\nutrition-ai-backend\src\main\java\com\nutrition\ai\nutritionaibackend\repository\RecipeRepository.java
C:\Thesis\Implementation\nutrition-ai-backend\src\main\java\com\nutrition\ai\nutritionaibackend\repository\ReportRepository.java
C:\Thesis\Implementation\nutrition-ai-backend\src\main\java\com\nutrition\ai\nutritionaibackend\repository\RoleRepository.java
C:\Thesis\Implementation\nutrition-ai-backend\src\main\java\com\nutrition\ai\nutritionaibackend\repository\SharedContentRepository.java
C:\Thesis\Implementation\nutrition-ai-backend\src\main\java\com\nutrition\ai\nutritionaibackend\repository\SuggestionRepository.java
C:\Thesis\Implementation\nutrition-ai-backend\src\main\java\com\nutrition\ai\nutritionaibackend\repository\UserRepository.java
C:\Thesis\Implementation\nutrition-ai-backend\src\main\java\com\nutrition\ai\nutritionaibackend\service\AdminService.java
C:\Thesis\Implementation\nutrition-ai-backend\src\main\java\com\nutrition\ai\nutritionaibackend\service\ai\AiService.java
C:\Thesis\Implementation\nutrition-ai-backend\src\main\java\com\nutrition\ai\nutritionaibackend\service\FoodService.java
C:\Thesis\Implementation\nutrition-ai-backend\src\main\java\com\nutrition\ai\nutritionaibackend\service\FoodServiceImpl.java
C:\Thesis\Implementation\nutrition-ai-backend\src\main\java\com\nutrition\ai\nutritionaibackend\service\impl\AdminServiceImpl.java
C:\Thesis\Implementation\nutrition-ai-backend\src\main\java\com\nutrition\ai\nutritionaibackend\service\impl\NutritionPlanServiceImpl.java
C:\Thesis\Implementation\nutrition-ai-backend\src\main\java\com\nutrition\ai\nutritionaibackend\service\impl\ShareServiceImpl.java
C:\Thesis\Implementation\nutrition-ai-backend\src\main\java\com\nutrition\ai\nutritionaibackend\service\impl\TrackingServiceImpl.java
C:\Thesis\Implementation\nutrition-ai-backend\src\main\java\com\nutrition\ai\nutritionaibackend\service\impl\UserDetailsImpl.java
C:\Thesis\Implementation\nutrition-ai-backend\src\main\java\com\nutrition\ai\nutritionaibackend\service\impl\UserDetailsServiceImpl.java
C:\Thesis\Implementation\nutrition-ai-backend\src\main\java\com\nutrition\ai\nutritionaibackend\service\NutritionPlanService.java
C:\Thesis\Implementation\nutrition-ai-backend\src\main\java\com\nutrition\ai\nutritionaibackend\service\NutritionPlanServiceImpl.java
C:\Thesis\Implementation\nutrition-ai-backend\src\main\java\com\nutrition\ai\nutritionaibackend\service\ShareService.java
C:\Thesis\Implementation\nutrition-ai-backend\src\main\java\com\nutrition\ai\nutritionaibackend\service\SuggestionService.java
C:\Thesis\Implementation\nutrition-ai-backend\src\main\java\com\nutrition\ai\nutritionaibackend\service\SuggestionServiceImpl.java
C:\Thesis\Implementation\nutrition-ai-backend\src\main\java\com\nutrition\ai\nutritionaibackend\service\TrackingService.java
C:\Thesis\Implementation\nutrition-ai-backend\src\main\java\com\nutrition\ai\nutritionaibackend\service\UserService.java
C:\Thesis\Implementation\nutrition-ai-backend\src\main\java\com\nutrition\ai\nutritionaibackend\service\UserServiceImpl.java
