C:\Thesis\Implementation\nutrition-ai-backend\src\test\java\com\nutrition\ai\nutritionaibackend\controller\AdminControllerTest.java
C:\Thesis\Implementation\nutrition-ai-backend\src\test\java\com\nutrition\ai\nutritionaibackend\controller\AuthControllerTest.java
C:\Thesis\Implementation\nutrition-ai-backend\src\test\java\com\nutrition\ai\nutritionaibackend\controller\FoodControllerTest.java
C:\Thesis\Implementation\nutrition-ai-backend\src\test\java\com\nutrition\ai\nutritionaibackend\controller\NutritionPlanControllerTest.java
C:\Thesis\Implementation\nutrition-ai-backend\src\test\java\com\nutrition\ai\nutritionaibackend\controller\ShareControllerTest.java
C:\Thesis\Implementation\nutrition-ai-backend\src\test\java\com\nutrition\ai\nutritionaibackend\controller\TrackingControllerTest.java
C:\Thesis\Implementation\nutrition-ai-backend\src\test\java\com\nutrition\ai\nutritionaibackend\controller\UserControllerTest.java
C:\Thesis\Implementation\nutrition-ai-backend\src\test\java\com\nutrition\ai\nutritionaibackend\service\impl\UserDetailsServiceImplTest.java
C:\Thesis\Implementation\nutrition-ai-backend\src\test\java\com\nutrition\ai\nutritionaibackend\service\UserServiceTest.java
