com\nutrition\ai\nutritionaibackend\dto\LoginDto.class
com\nutrition\ai\nutritionaibackend\model\domain\Report.class
com\nutrition\ai\nutritionaibackend\service\AdminService.class
com\nutrition\ai\nutritionaibackend\repository\SuggestionRepository.class
com\nutrition\ai\nutritionaibackend\service\UserService.class
com\nutrition\ai\nutritionaibackend\NutritionAiBackendApplication.class
com\nutrition\ai\nutritionaibackend\repository\DailyMenuRepository.class
com\nutrition\ai\nutritionaibackend\config\jwt\JwtUtils.class
com\nutrition\ai\nutritionaibackend\repository\ActivityLogRepository.class
com\nutrition\ai\nutritionaibackend\model\domain\Recipe.class
com\nutrition\ai\nutritionaibackend\repository\MealFoodItemRepository.class
com\nutrition\ai\nutritionaibackend\controller\UserController.class
com\nutrition\ai\nutritionaibackend\model\enums\ESuggestionCategory.class
com\nutrition\ai\nutritionaibackend\dto\ProfileDto.class
com\nutrition\ai\nutritionaibackend\model\domain\NutritionPlan.class
com\nutrition\ai\nutritionaibackend\model\shared\SharedContent.class
com\nutrition\ai\nutritionaibackend\dto\RecipeRequestDto.class
com\nutrition\ai\nutritionaibackend\service\NutritionPlanService.class
com\nutrition\ai\nutritionaibackend\dto\MealFoodItemDto.class
com\nutrition\ai\nutritionaibackend\model\enums\ERole.class
com\nutrition\ai\nutritionaibackend\config\jwt\AuthTokenFilter.class
com\nutrition\ai\nutritionaibackend\controller\AuthController.class
com\nutrition\ai\nutritionaibackend\dto\DailyMenuDto.class
com\nutrition\ai\nutritionaibackend\model\enums\EReportType.class
com\nutrition\ai\nutritionaibackend\model\domain\FoodItem.class
com\nutrition\ai\nutritionaibackend\repository\SharedContentRepository.class
com\nutrition\ai\nutritionaibackend\model\shared\ContentType.class
com\nutrition\ai\nutritionaibackend\repository\UserRepository.class
com\nutrition\ai\nutritionaibackend\config\AppConfig.class
com\nutrition\ai\nutritionaibackend\controller\NutritionPlanController.class
com\nutrition\ai\nutritionaibackend\dto\FoodLogDto.class
com\nutrition\ai\nutritionaibackend\model\domain\Role.class
com\nutrition\ai\nutritionaibackend\model\domain\Suggestion.class
com\nutrition\ai\nutritionaibackend\config\ApplicationProperties.class
com\nutrition\ai\nutritionaibackend\dto\ActivityLogDto.class
com\nutrition\ai\nutritionaibackend\dto\ContentLikeDto.class
com\nutrition\ai\nutritionaibackend\repository\RoleRepository.class
com\nutrition\ai\nutritionaibackend\model\domain\Meal.class
com\nutrition\ai\nutritionaibackend\model\domain\Profile.class
com\nutrition\ai\nutritionaibackend\controller\FoodController.class
com\nutrition\ai\nutritionaibackend\model\domain\FoodLog.class
com\nutrition\ai\nutritionaibackend\service\ShareService.class
com\nutrition\ai\nutritionaibackend\dto\NutritionPlanDto.class
com\nutrition\ai\nutritionaibackend\dto\ProgressReportDto.class
com\nutrition\ai\nutritionaibackend\model\domain\User.class
com\nutrition\ai\nutritionaibackend\model\enums\EGoalType.class
com\nutrition\ai\nutritionaibackend\dto\UserResponseDto.class
com\nutrition\ai\nutritionaibackend\service\impl\UserDetailsServiceImpl.class
com\nutrition\ai\nutritionaibackend\model\shared\ContentLike.class
com\nutrition\ai\nutritionaibackend\config\ApplicationProperties$AiService.class
com\nutrition\ai\nutritionaibackend\repository\ActivityRepository.class
com\nutrition\ai\nutritionaibackend\model\domain\DailyMenu.class
com\nutrition\ai\nutritionaibackend\controller\AdminController.class
com\nutrition\ai\nutritionaibackend\model\domain\Activity.class
com\nutrition\ai\nutritionaibackend\model\shared\ContentLike$ContentLikeBuilder.class
com\nutrition\ai\nutritionaibackend\repository\GoalRepository.class
com\nutrition\ai\nutritionaibackend\dto\SharedContentDto.class
com\nutrition\ai\nutritionaibackend\model\shared\SharedContent$SharedContentBuilder.class
com\nutrition\ai\nutritionaibackend\repository\MealRepository.class
com\nutrition\ai\nutritionaibackend\dto\RoleDto.class
com\nutrition\ai\nutritionaibackend\controller\ShareController.class
com\nutrition\ai\nutritionaibackend\exception\ResourceNotFoundException.class
com\nutrition\ai\nutritionaibackend\model\shared\ContentComment.class
com\nutrition\ai\nutritionaibackend\repository\FoodLogRepository.class
com\nutrition\ai\nutritionaibackend\dto\MealDto.class
com\nutrition\ai\nutritionaibackend\repository\ReportRepository.class
com\nutrition\ai\nutritionaibackend\repository\FoodItemRepository.class
com\nutrition\ai\nutritionaibackend\config\jwt\AuthEntryPointJwt.class
com\nutrition\ai\nutritionaibackend\model\enums\EGender.class
com\nutrition\ai\nutritionaibackend\dto\ContentCommentDto.class
com\nutrition\ai\nutritionaibackend\repository\NutritionPlanRepository.class
com\nutrition\ai\nutritionaibackend\dto\RecipeDto.class
com\nutrition\ai\nutritionaibackend\model\shared\ContentComment$ContentCommentBuilder.class
com\nutrition\ai\nutritionaibackend\dto\ReportDto.class
com\nutrition\ai\nutritionaibackend\repository\ContentLikeRepository.class
com\nutrition\ai\nutritionaibackend\dto\SuggestionDto.class
com\nutrition\ai\nutritionaibackend\dto\UserDto.class
com\nutrition\ai\nutritionaibackend\model\domain\MealFoodItem.class
com\nutrition\ai\nutritionaibackend\service\TrackingService.class
com\nutrition\ai\nutritionaibackend\config\SecurityConfig.class
com\nutrition\ai\nutritionaibackend\dto\ActivityDto.class
com\nutrition\ai\nutritionaibackend\model\domain\ActivityLog.class
com\nutrition\ai\nutritionaibackend\dto\GoalDto.class
com\nutrition\ai\nutritionaibackend\service\FoodService.class
com\nutrition\ai\nutritionaibackend\model\shared\Visibility.class
com\nutrition\ai\nutritionaibackend\repository\ProfileRepository.class
com\nutrition\ai\nutritionaibackend\model\domain\Goal.class
com\nutrition\ai\nutritionaibackend\config\ApplicationProperties$Jwt.class
com\nutrition\ai\nutritionaibackend\repository\RecipeRepository.class
com\nutrition\ai\nutritionaibackend\model\enums\EMealType.class
com\nutrition\ai\nutritionaibackend\dto\FoodItemDto.class
com\nutrition\ai\nutritionaibackend\dto\UpdateUserRequestDto.class
com\nutrition\ai\nutritionaibackend\controller\TrackingController.class
com\nutrition\ai\nutritionaibackend\repository\ContentCommentRepository.class
