com\nutrition\ai\nutritionaibackend\dto\LoginDto.class
com\nutrition\ai\nutritionaibackend\service\AdminService.class
com\nutrition\ai\nutritionaibackend\config\ApplicationProperties$AiService.class
com\nutrition\ai\nutritionaibackend\model\domain\DailyMenu.class
com\nutrition\ai\nutritionaibackend\controller\AdminController.class
com\nutrition\ai\nutritionaibackend\service\UserService.class
com\nutrition\ai\nutritionaibackend\NutritionAiBackendApplication.class
com\nutrition\ai\nutritionaibackend\config\jwt\JwtUtils.class
com\nutrition\ai\nutritionaibackend\model\domain\Recipe.class
com\nutrition\ai\nutritionaibackend\dto\ProfileDto.class
com\nutrition\ai\nutritionaibackend\model\domain\NutritionPlan.class
com\nutrition\ai\nutritionaibackend\dto\MealDto.class
com\nutrition\ai\nutritionaibackend\dto\RecipeRequestDto.class
com\nutrition\ai\nutritionaibackend\config\jwt\AuthEntryPointJwt.class
com\nutrition\ai\nutritionaibackend\dto\MealFoodItemDto.class
com\nutrition\ai\nutritionaibackend\model\enums\EGender.class
com\nutrition\ai\nutritionaibackend\model\enums\ERole.class
com\nutrition\ai\nutritionaibackend\config\jwt\AuthTokenFilter.class
com\nutrition\ai\nutritionaibackend\controller\AuthController.class
com\nutrition\ai\nutritionaibackend\dto\DailyMenuDto.class
com\nutrition\ai\nutritionaibackend\dto\RecipeDto.class
com\nutrition\ai\nutritionaibackend\dto\UserDto.class
com\nutrition\ai\nutritionaibackend\model\domain\MealFoodItem.class
com\nutrition\ai\nutritionaibackend\config\SecurityConfig.class
com\nutrition\ai\nutritionaibackend\model\domain\FoodItem.class
com\nutrition\ai\nutritionaibackend\dto\GoalDto.class
com\nutrition\ai\nutritionaibackend\repository\UserRepository.class
com\nutrition\ai\nutritionaibackend\service\FoodService.class
com\nutrition\ai\nutritionaibackend\config\AppConfig.class
com\nutrition\ai\nutritionaibackend\model\domain\Role.class
com\nutrition\ai\nutritionaibackend\config\ApplicationProperties.class
com\nutrition\ai\nutritionaibackend\config\ApplicationProperties$Jwt.class
com\nutrition\ai\nutritionaibackend\model\domain\Meal.class
com\nutrition\ai\nutritionaibackend\controller\FoodController.class
com\nutrition\ai\nutritionaibackend\model\enums\EMealType.class
com\nutrition\ai\nutritionaibackend\dto\FoodItemDto.class
com\nutrition\ai\nutritionaibackend\dto\UpdateUserRequestDto.class
com\nutrition\ai\nutritionaibackend\model\domain\FoodLog.class
com\nutrition\ai\nutritionaibackend\dto\NutritionPlanDto.class
com\nutrition\ai\nutritionaibackend\model\domain\User.class
com\nutrition\ai\nutritionaibackend\model\enums\EGoalType.class
com\nutrition\ai\nutritionaibackend\dto\UserResponseDto.class
com\nutrition\ai\nutritionaibackend\service\impl\UserDetailsServiceImpl.class
